<?xml version="1.0" encoding="UTF-8"?>
<form:Form xmlns:xsi="http://www.w3.org/2001/XMLSchema-instance" xmlns:core="http://g5.1c.ru/v8/dt/mcore" xmlns:form="http://g5.1c.ru/v8/dt/form">
  <items xsi:type="form:FormField">
    <name>Наименование</name>
    <id>4</id>
    <visible>true</visible>
    <enabled>true</enabled>
    <dataPath xsi:type="form:DataPath">
      <segments>Объект.Description</segments>
    </dataPath>
    <extendedTooltip>
      <name>НаименованиеРасширеннаяПодсказка</name>
      <id>6</id>
      <type>Label</type>
    </extendedTooltip>
    <contextMenu>
      <name>НаименованиеКонтекстноеМеню</name>
      <id>5</id>
      <autoFill>true</autoFill>
    </contextMenu>
    <type>InputField</type>
    <editMode>EnterOnInput</editMode>
    <extInfo xsi:type="form:InputFieldExtInfo">
      <autoMaxWidth>true</autoMaxWidth>
      <textEdit>true</textEdit>
    </extInfo>
  </items>
  <items xsi:type="form:FormField">
    <name>Артикул</name>
    <id>7</id>
    <visible>true</visible>
    <enabled>true</enabled>
    <dataPath xsi:type="form:DataPath">
      <segments>Объект.Артикул</segments>
    </dataPath>
    <extendedTooltip>
      <name>АртикулРасширеннаяПодсказка</name>
      <id>8</id>
      <type>Label</type>
    </extendedTooltip>
    <contextMenu>
      <name>АртикулКонтекстноеМеню</name>
      <id>9</id>
      <autoFill>true</autoFill>
    </contextMenu>
    <type>InputField</type>
    <editMode>EnterOnInput</editMode>
    <extInfo xsi:type="form:InputFieldExtInfo">
      <autoMaxWidth>true</autoMaxWidth>
      <textEdit>true</textEdit>
    </extInfo>
  </items>
  <autoCommandBar>
    <name>ФормаКоманднаяПанель</name>
    <id>-1</id>
  </autoCommandBar>
  <attributes>
    <name>Объект</name>
    <id>1</id>
    <valueType>
      <types>CatalogObject.askFTPНастройки</types>
    </valueType>
    <main>true</main>
  </attributes>
</form:Form>
